<html>
<body>
<pre>
<h1>µVision Build Log</h1>
<h2>Project:</h2>
C:\Keil\Labware\Lab13_DAC\Lab13.uvproj
Project File Date:  09/10/2018

<h2>Output:</h2>
Rebuild target 'Lab13'
assembling startup.s...
compiling Lab13.c...
compiling Sound.c...
compiling DAC.c...
compiling Piano.c...
linking...
Program Size: Code=6256 RO-data=9420 RW-data=104 ZI-data=1816  
".\Lab13.axf" - 0 Error(s), 0 Warning(s).
Load "C:\\Keil\\Labware\\Lab13_DAC\\Lab13.axf" 
Connecting: Mode=JTAG, Speed=1000000Hz
Erase Done.
Programming Done.
Verify OK.
</pre>
</body>
</html>
e Done.
Programming Done.
Verify OK.
Load "C:\\Keil\\Labware\\Lab13_DAC\\Lab13.axf" 
Connecting: Mode=JTAG, Speed=1000000Hz
Erase Done.
Programming Done.
Verify OK.
